[transformers] PyTorch was not found. Models won't be available and only tokenizers, configuration and file/data utilities can be used.
[transformers] DeepseekV32Config got `key=rope_scaling` in kwargs but hasn't set it as attribute. For RoPE standardization you need to set `self.rope_parameters` in model's config. 
[transformers] DeepseekV4Config got `key=rope_scaling` in kwargs but hasn't set it as attribute. For RoPE standardization you need to set `self.rope_parameters` in model's config. 
2026-08-13 19:57:35.082257: I external/local_xla/xla/tsl/cuda/cudart_stub.cc:31] Could not find cuda drivers on your machine, GPU will not be used.
2026-08-13 19:57:35.121519: I tensorflow/core/platform/cpu_feature_guard.cc:210] This TensorFlow binary is optimized to use available CPU instructions in performance-critical operations.
To enable the following instructions: AVX2 FMA, in other operations, rebuild TensorFlow with the appropriate compiler flags.
2026-08-13 19:57:36.467867: I external/local_xla/xla/tsl/cuda/cudart_stub.cc:31] Could not find cuda drivers on your machine, GPU will not be used.
2026-08-13 19:57:39.657990: E external/local_xla/xla/stream_executor/cuda/cuda_platform.cc:51] failed call to cuInit: INTERNAL: CUDA error: Failed call to cuInit: UNKNOWN ERROR (303)
I0813 19:57:39.887846 140468040350848 max_utils.py:296] Attempting to initialize the jax distributed system for TPU backend...
I0813 19:57:39.929161   45827 pjrt_api.cc:119] GetPjrtApi was found for tpu at /home/student49/me344_final_project/.venv-me344-pretrain/lib/python3.12/site-packages/libtpu/libtpu.so
I0813 19:57:39.929237   45827 pjrt_api.cc:168] The PJRT plugin has PJRT API version 0.112. The framework PJRT API version is 0.112.
I0813 19:57:45.463076   45827 pjrt_c_api_client.cc:201] PjRtCApiClient created.
I0813 19:57:45.463774   45827 pjrt_client.cc:579] PjRt-IFRT device count: total=8, addressable=8
I0813 19:57:45.463789   45827 pjrt_client.cc:583] Addressable PjRt-IFRT device: TpuDevice(id=0, process_index=0, coords=(0,0,0), core_on_chip=0)
I0813 19:57:45.463791   45827 pjrt_client.cc:583] Addressable PjRt-IFRT device: TpuDevice(id=1, process_index=0, coords=(1,0,0), core_on_chip=0)
I0813 19:57:45.463793   45827 pjrt_client.cc:583] Addressable PjRt-IFRT device: TpuDevice(id=2, process_index=0, coords=(0,1,0), core_on_chip=0)
I0813 19:57:45.463794   45827 pjrt_client.cc:583] Addressable PjRt-IFRT device: TpuDevice(id=3, process_index=0, coords=(1,1,0), core_on_chip=0)
I0813 19:57:45.463795   45827 pjrt_client.cc:583] Addressable PjRt-IFRT device: TpuDevice(id=4, process_index=0, coords=(0,2,0), core_on_chip=0)
I0813 19:57:45.463797   45827 pjrt_client.cc:583] Addressable PjRt-IFRT device: TpuDevice(id=5, process_index=0, coords=(1,2,0), core_on_chip=0)
I0813 19:57:45.463798   45827 pjrt_client.cc:583] Addressable PjRt-IFRT device: TpuDevice(id=6, process_index=0, coords=(0,3,0), core_on_chip=0)
I0813 19:57:45.463799   45827 pjrt_client.cc:583] Addressable PjRt-IFRT device: TpuDevice(id=7, process_index=0, coords=(1,3,0), core_on_chip=0)
I0813 19:57:45.489891   45827 pjrt_client.cc:579] PjRt-IFRT device count: total=1, addressable=1
I0813 19:57:45.489917   45827 pjrt_client.cc:583] Addressable PjRt-IFRT device: CpuDevice(id=0)
I0813 19:57:45.491641 140468040350848 max_utils.py:830] System Information: Jax Version: 0.10.2
I0813 19:57:45.491866 140468040350848 max_utils.py:831] System Information: Jaxlib Version: 0.10.2
I0813 19:57:45.491920 140468040350848 max_utils.py:832] System Information: Jax Backend: PJRT C API
TFRT TPU v5 lite
Built on Jun 17 2026 11:08:48 (1781719728) cl/933746096
I0813 19:57:45.491977 140468040350848 train_utils.py:426] WARNING: Sequence packing is essentially ignored for synthetic data. Please use a real dataset to use sequence packing.
I0813 19:57:45.862507 140468040350848 maxtext_utils.py:2243] Num_devices: 8, shape (1, 1, 1, 1, 1, 1, 1, 8, 1, 1, 1)
I0813 19:57:45.994582 140468040350848 checkpointing.py:640] Setting up checkpoint logger...
I0813 19:57:45.994664 140468040350848 checkpointing.py:358] Checkpointing disabled, not creating checkpoint manager.
I0813 19:57:46.415994 140468040350848 checkpointing.py:628] No existing checkpoints found, not restoring checkpoint.
/home/student49/me344_final_project/.venv-me344-pretrain/lib/python3.12/site-packages/maxtext/trainers/pre_train/train.py:832: DeprecationWarning: `with mesh:` context manager has been deprecated. Please use `with jax.set_mesh(mesh):` instead.
  with jax.set_mesh(mesh), mesh, nn_partitioning.axis_rules(config.logical_axis_rules):
I0813 19:57:55.248708 140468040350848 max_utils.py:818] Total estimated memory size: 9.0 GB, estimated output size: 5.6 GB, estimated temp size: 3.4 GB, estimated argument size: 5.6 GB, Estimated host temp size: 0.0 GB.
I0813 19:57:55.248830 140468040350848 max_utils.py:824] Note that compiler could over-estimate the HBM usage.
I0813 19:57:55.264000 140468040350848 metric_logger.py:365] number parameters: 4.022 billion
I0813 19:57:56.063012 140468040350848 max_utils.py:777] 
Memstats: After params initialized:
I0813 19:57:56.063189 140468040350848 max_utils.py:783] 	Using (GB) 5.65 / 15.75 (35.873016%) on TPU_0(process=0,(0,0,0,0))
I0813 19:57:56.063237 140468040350848 max_utils.py:783] 	Using (GB) 5.65 / 15.75 (35.873016%) on TPU_1(process=0,(1,0,0,0))
I0813 19:57:56.063275 140468040350848 max_utils.py:783] 	Using (GB) 5.65 / 15.75 (35.873016%) on TPU_2(process=0,(0,1,0,0))
I0813 19:57:56.063310 140468040350848 max_utils.py:783] 	Using (GB) 5.65 / 15.75 (35.873016%) on TPU_3(process=0,(1,1,0,0))
I0813 19:57:56.063344 140468040350848 max_utils.py:783] 	Using (GB) 5.65 / 15.75 (35.873016%) on TPU_4(process=0,(0,2,0,0))
I0813 19:57:56.063376 140468040350848 max_utils.py:783] 	Using (GB) 5.65 / 15.75 (35.873016%) on TPU_5(process=0,(1,2,0,0))
I0813 19:57:56.063407 140468040350848 max_utils.py:783] 	Using (GB) 5.65 / 15.75 (35.873016%) on TPU_6(process=0,(0,3,0,0))
I0813 19:57:56.063439 140468040350848 max_utils.py:783] 	Using (GB) 5.65 / 15.75 (35.873016%) on TPU_7(process=0,(1,3,0,0))
I0813 19:57:56.328564 140468040350848 metric_logger.py:226] completed step: 0, seconds: 0.731, TFLOP/s/device: 17.056, Tokens/s/device: 700.159, total_weights: 4096, loss: 492.325, lm_loss: 492.325, perplexity: inf
W0813 19:57:56.330054 140468040350848 x2num.py:13] NaN or Inf found in input tensor.
I0813 19:57:56.331081 140468040350848 metric_logger.py:333] To see full metrics 'tensorboard --logdir=gs://me344-tpu-labs-west4/final_projects/qanh/runs/me344-qanh-20260813t194806z-sweep-gb16/tensorboard/'
I0813 19:57:56.595729 140468040350848 metric_logger.py:226] completed step: 1, seconds: 0.168, TFLOP/s/device: 74.360, Tokens/s/device: 3052.525, total_weights: 4096, loss: 492.325, lm_loss: 492.325, perplexity: inf
W0813 19:57:56.597461 140468040350848 x2num.py:13] NaN or Inf found in input tensor.
I0813 19:57:56.862903 140468040350848 metric_logger.py:226] completed step: 2, seconds: 0.198, TFLOP/s/device: 62.865, Tokens/s/device: 2580.645, total_weights: 4096, loss: 492.325, lm_loss: 492.325, perplexity: inf
W0813 19:57:56.864313 140468040350848 x2num.py:13] NaN or Inf found in input tensor.
I0813 19:57:57.130139 140468040350848 metric_logger.py:226] completed step: 3, seconds: 0.174, TFLOP/s/device: 71.698, Tokens/s/device: 2943.239, total_weights: 4096, loss: 492.325, lm_loss: 492.325, perplexity: inf
W0813 19:57:57.131436 140468040350848 x2num.py:13] NaN or Inf found in input tensor.
I0813 19:57:57.397304 140468040350848 metric_logger.py:226] completed step: 4, seconds: 0.266, TFLOP/s/device: 46.924, Tokens/s/device: 1926.268, total_weights: 4096, loss: 492.325, lm_loss: 492.325, perplexity: inf
W0813 19:57:57.398606 140468040350848 x2num.py:13] NaN or Inf found in input tensor.
I0813 19:57:57.664590 140468040350848 metric_logger.py:226] completed step: 5, seconds: 0.267, TFLOP/s/device: 46.791, Tokens/s/device: 1920.819, total_weights: 4096, loss: 492.325, lm_loss: 492.325, perplexity: inf
W0813 19:57:57.665715 140468040350848 x2num.py:13] NaN or Inf found in input tensor.
I0813 19:57:57.931808 140468040350848 metric_logger.py:226] completed step: 6, seconds: 0.267, TFLOP/s/device: 46.695, Tokens/s/device: 1916.871, total_weights: 4096, loss: 492.325, lm_loss: 492.325, perplexity: inf
W0813 19:57:57.933170 140468040350848 x2num.py:13] NaN or Inf found in input tensor.
I0813 19:57:58.199039 140468040350848 metric_logger.py:226] completed step: 7, seconds: 0.267, TFLOP/s/device: 46.692, Tokens/s/device: 1916.720, total_weights: 4096, loss: 492.325, lm_loss: 492.325, perplexity: inf
W0813 19:57:58.200236 140468040350848 x2num.py:13] NaN or Inf found in input tensor.
Per train step:
 Total TFLOPs: 12.47 
 split as 99.07% learnable weight flops and 0.93% attention flops
