[transformers] PyTorch was not found. Models won't be available and only tokenizers, configuration and file/data utilities can be used.
[transformers] DeepseekV32Config got `key=rope_scaling` in kwargs but hasn't set it as attribute. For RoPE standardization you need to set `self.rope_parameters` in model's config. 
[transformers] DeepseekV4Config got `key=rope_scaling` in kwargs but hasn't set it as attribute. For RoPE standardization you need to set `self.rope_parameters` in model's config. 
2026-08-13 19:56:31.079306: I external/local_xla/xla/tsl/cuda/cudart_stub.cc:31] Could not find cuda drivers on your machine, GPU will not be used.
2026-08-13 19:56:31.118697: I tensorflow/core/platform/cpu_feature_guard.cc:210] This TensorFlow binary is optimized to use available CPU instructions in performance-critical operations.
To enable the following instructions: AVX2 FMA, in other operations, rebuild TensorFlow with the appropriate compiler flags.
2026-08-13 19:56:32.480587: I external/local_xla/xla/tsl/cuda/cudart_stub.cc:31] Could not find cuda drivers on your machine, GPU will not be used.
2026-08-13 19:56:35.679877: E external/local_xla/xla/stream_executor/cuda/cuda_platform.cc:51] failed call to cuInit: INTERNAL: CUDA error: Failed call to cuInit: UNKNOWN ERROR (303)
I0813 19:56:35.911051 140375337614464 max_utils.py:296] Attempting to initialize the jax distributed system for TPU backend...
I0813 19:56:35.951735   41909 pjrt_api.cc:119] GetPjrtApi was found for tpu at /home/student49/me344_final_project/.venv-me344-pretrain/lib/python3.12/site-packages/libtpu/libtpu.so
I0813 19:56:35.951848   41909 pjrt_api.cc:168] The PJRT plugin has PJRT API version 0.112. The framework PJRT API version is 0.112.
I0813 19:56:41.827464   41909 pjrt_c_api_client.cc:201] PjRtCApiClient created.
I0813 19:56:41.828032   41909 pjrt_client.cc:579] PjRt-IFRT device count: total=8, addressable=8
I0813 19:56:41.828048   41909 pjrt_client.cc:583] Addressable PjRt-IFRT device: TpuDevice(id=0, process_index=0, coords=(0,0,0), core_on_chip=0)
I0813 19:56:41.828051   41909 pjrt_client.cc:583] Addressable PjRt-IFRT device: TpuDevice(id=1, process_index=0, coords=(1,0,0), core_on_chip=0)
I0813 19:56:41.828052   41909 pjrt_client.cc:583] Addressable PjRt-IFRT device: TpuDevice(id=2, process_index=0, coords=(0,1,0), core_on_chip=0)
I0813 19:56:41.828053   41909 pjrt_client.cc:583] Addressable PjRt-IFRT device: TpuDevice(id=3, process_index=0, coords=(1,1,0), core_on_chip=0)
I0813 19:56:41.828055   41909 pjrt_client.cc:583] Addressable PjRt-IFRT device: TpuDevice(id=4, process_index=0, coords=(0,2,0), core_on_chip=0)
I0813 19:56:41.828056   41909 pjrt_client.cc:583] Addressable PjRt-IFRT device: TpuDevice(id=5, process_index=0, coords=(1,2,0), core_on_chip=0)
I0813 19:56:41.828057   41909 pjrt_client.cc:583] Addressable PjRt-IFRT device: TpuDevice(id=6, process_index=0, coords=(0,3,0), core_on_chip=0)
I0813 19:56:41.828058   41909 pjrt_client.cc:583] Addressable PjRt-IFRT device: TpuDevice(id=7, process_index=0, coords=(1,3,0), core_on_chip=0)
I0813 19:56:41.853833   41909 pjrt_client.cc:579] PjRt-IFRT device count: total=1, addressable=1
I0813 19:56:41.853860   41909 pjrt_client.cc:583] Addressable PjRt-IFRT device: CpuDevice(id=0)
I0813 19:56:41.855637 140375337614464 max_utils.py:830] System Information: Jax Version: 0.10.2
I0813 19:56:41.855858 140375337614464 max_utils.py:831] System Information: Jaxlib Version: 0.10.2
I0813 19:56:41.855910 140375337614464 max_utils.py:832] System Information: Jax Backend: PJRT C API
TFRT TPU v5 lite
Built on Jun 17 2026 11:08:48 (1781719728) cl/933746096
I0813 19:56:41.855965 140375337614464 train_utils.py:426] WARNING: Sequence packing is essentially ignored for synthetic data. Please use a real dataset to use sequence packing.
I0813 19:56:42.231230 140375337614464 maxtext_utils.py:2243] Num_devices: 8, shape (1, 1, 1, 1, 1, 1, 1, 8, 1, 1, 1)
I0813 19:56:42.364372 140375337614464 checkpointing.py:640] Setting up checkpoint logger...
I0813 19:56:42.364457 140375337614464 checkpointing.py:358] Checkpointing disabled, not creating checkpoint manager.
I0813 19:56:42.736781 140375337614464 checkpointing.py:628] No existing checkpoints found, not restoring checkpoint.
/home/student49/me344_final_project/.venv-me344-pretrain/lib/python3.12/site-packages/maxtext/trainers/pre_train/train.py:832: DeprecationWarning: `with mesh:` context manager has been deprecated. Please use `with jax.set_mesh(mesh):` instead.
  with jax.set_mesh(mesh), mesh, nn_partitioning.axis_rules(config.logical_axis_rules):
I0813 19:56:49.140228 140375337614464 max_utils.py:818] Total estimated memory size: 8.4 GB, estimated output size: 5.6 GB, estimated temp size: 2.7 GB, estimated argument size: 5.6 GB, Estimated host temp size: 0.0 GB.
I0813 19:56:49.140347 140375337614464 max_utils.py:824] Note that compiler could over-estimate the HBM usage.
I0813 19:56:49.156069 140375337614464 metric_logger.py:365] number parameters: 4.022 billion
I0813 19:56:49.946655 140375337614464 max_utils.py:777] 
Memstats: After params initialized:
I0813 19:56:49.946841 140375337614464 max_utils.py:783] 	Using (GB) 5.64 / 15.75 (35.809524%) on TPU_0(process=0,(0,0,0,0))
I0813 19:56:49.946892 140375337614464 max_utils.py:783] 	Using (GB) 5.64 / 15.75 (35.809524%) on TPU_1(process=0,(1,0,0,0))
I0813 19:56:49.946930 140375337614464 max_utils.py:783] 	Using (GB) 5.64 / 15.75 (35.809524%) on TPU_2(process=0,(0,1,0,0))
I0813 19:56:49.946965 140375337614464 max_utils.py:783] 	Using (GB) 5.64 / 15.75 (35.809524%) on TPU_3(process=0,(1,1,0,0))
I0813 19:56:49.947000 140375337614464 max_utils.py:783] 	Using (GB) 5.64 / 15.75 (35.809524%) on TPU_4(process=0,(0,2,0,0))
I0813 19:56:49.947033 140375337614464 max_utils.py:783] 	Using (GB) 5.64 / 15.75 (35.809524%) on TPU_5(process=0,(1,2,0,0))
I0813 19:56:49.947065 140375337614464 max_utils.py:783] 	Using (GB) 5.64 / 15.75 (35.809524%) on TPU_6(process=0,(0,3,0,0))
I0813 19:56:49.947097 140375337614464 max_utils.py:783] 	Using (GB) 5.64 / 15.75 (35.809524%) on TPU_7(process=0,(1,3,0,0))
I0813 19:56:50.114383 140375337614464 metric_logger.py:226] completed step: 0, seconds: 0.725, TFLOP/s/device: 8.606, Tokens/s/device: 353.264, total_weights: 2048, loss: 493.074, lm_loss: 493.074, perplexity: inf
W0813 19:56:50.115855 140375337614464 x2num.py:13] NaN or Inf found in input tensor.
I0813 19:56:50.116732 140375337614464 metric_logger.py:333] To see full metrics 'tensorboard --logdir=gs://me344-tpu-labs-west4/final_projects/qanh/runs/me344-qanh-20260813t194806z-sweep-gb8/tensorboard/'
I0813 19:56:50.267476 140375337614464 metric_logger.py:226] completed step: 1, seconds: 0.167, TFLOP/s/device: 37.307, Tokens/s/device: 1531.458, total_weights: 2048, loss: 493.074, lm_loss: 493.074, perplexity: inf
W0813 19:56:50.268853 140375337614464 x2num.py:13] NaN or Inf found in input tensor.
I0813 19:56:50.421508 140375337614464 metric_logger.py:226] completed step: 2, seconds: 0.109, TFLOP/s/device: 57.214, Tokens/s/device: 2348.667, total_weights: 2048, loss: 493.074, lm_loss: 493.074, perplexity: inf
W0813 19:56:50.422576 140375337614464 x2num.py:13] NaN or Inf found in input tensor.
I0813 19:56:50.575592 140375337614464 metric_logger.py:226] completed step: 3, seconds: 0.051, TFLOP/s/device: 122.456, Tokens/s/device: 5026.902, total_weights: 2048, loss: 493.074, lm_loss: 493.074, perplexity: inf
W0813 19:56:50.576776 140375337614464 x2num.py:13] NaN or Inf found in input tensor.
I0813 19:56:50.729785 140375337614464 metric_logger.py:226] completed step: 4, seconds: 0.155, TFLOP/s/device: 40.243, Tokens/s/device: 1652.018, total_weights: 2048, loss: 493.074, lm_loss: 493.074, perplexity: inf
W0813 19:56:50.730877 140375337614464 x2num.py:13] NaN or Inf found in input tensor.
I0813 19:56:50.883804 140375337614464 metric_logger.py:226] completed step: 5, seconds: 0.152, TFLOP/s/device: 40.958, Tokens/s/device: 1681.368, total_weights: 2048, loss: 493.074, lm_loss: 493.074, perplexity: inf
W0813 19:56:50.884909 140375337614464 x2num.py:13] NaN or Inf found in input tensor.
I0813 19:56:51.038008 140375337614464 metric_logger.py:226] completed step: 6, seconds: 0.154, TFLOP/s/device: 40.584, Tokens/s/device: 1665.994, total_weights: 2048, loss: 493.074, lm_loss: 493.074, perplexity: inf
W0813 19:56:51.039075 140375337614464 x2num.py:13] NaN or Inf found in input tensor.
I0813 19:56:51.192107 140375337614464 metric_logger.py:226] completed step: 7, seconds: 0.154, TFLOP/s/device: 40.483, Tokens/s/device: 1661.863, total_weights: 2048, loss: 493.074, lm_loss: 493.074, perplexity: inf
W0813 19:56:51.193213 140375337614464 x2num.py:13] NaN or Inf found in input tensor.
Per train step:
 Total TFLOPs: 6.24 
 split as 99.07% learnable weight flops and 0.93% attention flops
